// Jest Snapshot v1, https://goo.gl/fbAQLP

exports[`<App /> Matches the snapshot 1`] = `
<div
  className="App"
>
  <div
    className="App-header"
  >
    <img
      alt="logo"
      className="App-logo"
      src="logo.svg"
    />
    <h2>
      Welcome to React
    </h2>
  </div>
  <Apollo(CatsList) />
</div>
`;
