// Jest Snapshot v1, https://goo.gl/fbAQLP

exports[`<CatsListWithData  /> Matches the snapshot 1`] = `
<Query
  displayName="Apollo(CatsList)"
  query={
    Object {
      "definitions": Array [
        Object {
          "directives": Array [],
          "kind": "OperationDefinition",
          "name": Object {
            "kind": "Name",
            "value": "allcats",
          },
          "operation": "query",
          "selectionSet": Object {
            "kind": "SelectionSet",
            "selections": Array [
              Object {
                "alias": undefined,
                "arguments": Array [],
                "directives": Array [],
                "kind": "Field",
                "name": Object {
                  "kind": "Name",
                  "value": "allCats",
                },
                "selectionSet": Object {
                  "kind": "SelectionSet",
                  "selections": Array [
                    Object {
                      "alias": undefined,
                      "arguments": Array [],
                      "directives": Array [],
                      "kind": "Field",
                      "name": Object {
                        "kind": "Name",
                        "value": "edges",
                      },
                      "selectionSet": Object {
                        "kind": "SelectionSet",
                        "selections": Array [
                          Object {
                            "alias": undefined,
                            "arguments": Array [],
                            "directives": Array [],
                            "kind": "Field",
                            "name": Object {
                              "kind": "Name",
                              "value": "node",
                            },
                            "selectionSet": Object {
                              "kind": "SelectionSet",
                              "selections": Array [
                                Object {
                                  "alias": undefined,
                                  "arguments": Array [],
                                  "directives": Array [],
                                  "kind": "Field",
                                  "name": Object {
                                    "kind": "Name",
                                    "value": "id",
                                  },
                                  "selectionSet": undefined,
                                },
                                Object {
                                  "alias": undefined,
                                  "arguments": Array [],
                                  "directives": Array [],
                                  "kind": "Field",
                                  "name": Object {
                                    "kind": "Name",
                                    "value": "name",
                                  },
                                  "selectionSet": undefined,
                                },
                                Object {
                                  "alias": undefined,
                                  "arguments": Array [],
                                  "directives": Array [],
                                  "kind": "Field",
                                  "name": Object {
                                    "kind": "Name",
                                    "value": "createdAt",
                                  },
                                  "selectionSet": undefined,
                                },
                                Object {
                                  "alias": undefined,
                                  "arguments": Array [],
                                  "directives": Array [],
                                  "kind": "Field",
                                  "name": Object {
                                    "kind": "Name",
                                    "value": "avatarUrl",
                                  },
                                  "selectionSet": undefined,
                                },
                              ],
                            },
                          },
                        ],
                      },
                    },
                  ],
                },
              },
            ],
          },
          "variableDefinitions": Array [],
        },
      ],
      "kind": "Document",
      "loc": Object {
        "end": 133,
        "start": 0,
      },
    }
  }
  skip={false}
  warnUnhandledError={true}
/>
`;
